// Jest Snapshot v1, https://goo.gl/fbAQLP

exports[`Submit buttons component renders correctly 1`] = `
ShallowWrapper {
  "length": 1,
  Symbol(enzyme.__root__): [Circular],
  Symbol(enzyme.__unrendered__): <SubmitButtons
    submitName="Submit"
  />,
  Symbol(enzyme.__renderer__): Object {
    "batchedUpdates": [Function],
    "getNode": [Function],
    "render": [Function],
    "simulateEvent": [Function],
    "unmount": [Function],
  },
  Symbol(enzyme.__node__): Object {
    "instance": null,
    "key": undefined,
    "nodeType": "function",
    "props": Object {
      "children": Array [
        <Button
          as="button"
          role="button"
        >
          Reset
        </Button>,
        <ButtonOr />,
        <Button
          as="button"
          positive={true}
          role="button"
        >
          Submit
        </Button>,
      ],
    },
    "ref": null,
    "rendered": Array [
      Object {
        "instance": null,
        "key": undefined,
        "nodeType": "class",
        "props": Object {
          "as": "button",
          "children": "Reset",
          "onClick": undefined,
          "role": "button",
        },
        "ref": null,
        "rendered": "Reset",
        "type": [Function],
      },
      Object {
        "instance": null,
        "key": undefined,
        "nodeType": "function",
        "props": Object {},
        "ref": null,
        "rendered": null,
        "type": [Function],
      },
      Object {
        "instance": null,
        "key": undefined,
        "nodeType": "class",
        "props": Object {
          "as": "button",
          "children": "Submit",
          "onClick": undefined,
          "positive": true,
          "role": "button",
        },
        "ref": null,
        "rendered": "Submit",
        "type": [Function],
      },
    ],
    "type": [Function],
  },
  Symbol(enzyme.__nodes__): Array [
    Object {
      "instance": null,
      "key": undefined,
      "nodeType": "function",
      "props": Object {
        "children": Array [
          <Button
            as="button"
            role="button"
          >
            Reset
          </Button>,
          <ButtonOr />,
          <Button
            as="button"
            positive={true}
            role="button"
          >
            Submit
          </Button>,
        ],
      },
      "ref": null,
      "rendered": Array [
        Object {
          "instance": null,
          "key": undefined,
          "nodeType": "class",
          "props": Object {
            "as": "button",
            "children": "Reset",
            "onClick": undefined,
            "role": "button",
          },
          "ref": null,
          "rendered": "Reset",
          "type": [Function],
        },
        Object {
          "instance": null,
          "key": undefined,
          "nodeType": "function",
          "props": Object {},
          "ref": null,
          "rendered": null,
          "type": [Function],
        },
        Object {
          "instance": null,
          "key": undefined,
          "nodeType": "class",
          "props": Object {
            "as": "button",
            "children": "Submit",
            "onClick": undefined,
            "positive": true,
            "role": "button",
          },
          "ref": null,
          "rendered": "Submit",
          "type": [Function],
        },
      ],
      "type": [Function],
    },
  ],
  Symbol(enzyme.__options__): Object {
    "adapter": ReactSixteenAdapter {
      "options": Object {
        "enableComponentDidUpdateOnSetState": true,
      },
    },
  },
}
`;
